Last login: Tue Oct 18 17:31:31 on ttys000
student_05 ~ on master[?]
$ cd WDI-xfiles-scully/
student_05 ~/WDI-xfiles-scully on master[!]
$ ls
README.md  homework_submission_process.md  u1/	xfiles.jpg
student_05 ~/WDI-xfiles-scully on master[!]
$ cd u1/
student_05 ~/WDI-xfiles-scully/u1 on master[!]
$ ls
d01/  d02/
student_05 ~/WDI-xfiles-scully/u1 on master[!]
$ cd d02/
student_05 ~/WDI-xfiles-scully/u1/d02 on master[!]
$ ls
homework/  morning/  terminal/
student_05 ~/WDI-xfiles-scully/u1/d02 on master[!]
$ cd homework/
student_05 ~/WDI-xfiles-scully/u1/d02/homework on master[!]
$ mkdir springfield
gmkdir: created directory 'springfield'
student_05 ~/WDI-xfiles-scully/u1/d02/homework on master[!]
$ cd springfield/
student_05 ~/WDI-xfiles-scully/u1/d02/homework/springfield on master[!]
$ touch homer.txt
student_05 ~/WDI-xfiles-scully/u1/d02/homework/springfield on master[!?]
$ touch marge.txt
student_05 ~/WDI-xfiles-scully/u1/d02/homework/springfield on master[!?]
$ touch bart.txt
student_05 ~/WDI-xfiles-scully/u1/d02/homework/springfield on master[!?]
$ touch lisa.txt
student_05 ~/WDI-xfiles-scully/u1/d02/homework/springfield on master[!?]
$ touch maggie.txt
student_05 ~/WDI-xfiles-scully/u1/d02/homework/springfield on master[!?]
$ cd ..
student_05 ~/WDI-xfiles-scully/u1/d02/homework on master[!?]
$ mkdir school
gmkdir: created directory 'school'
student_05 ~/WDI-xfiles-scully/u1/d02/homework on master[!?]
$ cd ..
student_05 ~/WDI-xfiles-scully/u1/d02 on master[!?]
$ cd homework/
student_05 ~/WDI-xfiles-scully/u1/d02/homework on master[!?]
$ cd springfield/
student_05 ~/WDI-xfiles-scully/u1/d02/homework/springfield on master[!?]
$ ls
bart.txt  homer.txt  lisa.txt  maggie.txt  marge.txt
student_05 ~/WDI-xfiles-scully/u1/d02/homework/springfield on master[!?]
$ mv homer.txt .. /school/
gmv: target '/school/' is not a directory
student_05 ~/WDI-xfiles-scully/u1/d02/homework/springfield on master[!?]
$ ls
bart.txt  homer.txt  lisa.txt  maggie.txt  marge.txt
student_05 ~/WDI-xfiles-scully/u1/d02/homework/springfield on master[!?]
$ cd ..
student_05 ~/WDI-xfiles-scully/u1/d02/homework on master[!?]
$ cd school/
student_05 ~/WDI-xfiles-scully/u1/d02/homework/school on master[!]
$ ls
student_05 ~/WDI-xfiles-scully/u1/d02/homework/school on master[!]
$ cd ..
student_05 ~/WDI-xfiles-scully/u1/d02/homework on master[!?]
$ cd springfield/
student_05 ~/WDI-xfiles-scully/u1/d02/homework/springfield on master[!?]
$ mv bart.txt .. /school/
gmv: target '/school/' is not a directory
student_05 ~/WDI-xfiles-scully/u1/d02/homework/springfield on master[!?]
$ mv bart.txt ../school/
'bart.txt' -> '../school/bart.txt'
student_05 ~/WDI-xfiles-scully/u1/d02/homework/springfield on master[!?]
$ ls
homer.txt  lisa.txt  maggie.txt  marge.txt
student_05 ~/WDI-xfiles-scully/u1/d02/homework/springfield on master[!?]
$ cd ..
student_05 ~/WDI-xfiles-scully/u1/d02/homework on master[!?]
$ cd school/
student_05 ~/WDI-xfiles-scully/u1/d02/homework/school on master[!?]
$ ls
bart.txt
student_05 ~/WDI-xfiles-scully/u1/d02/homework/school on master[!?]
$ cd ..
student_05 ~/WDI-xfiles-scully/u1/d02/homework on master[!?]
$ mkdir power-plant
gmkdir: created directory 'power-plant'
student_05 ~/WDI-xfiles-scully/u1/d02/homework on master[!?]
$ cd springfield/
student_05 ~/WDI-xfiles-scully/u1/d02/homework/springfield on master[!?]
$ ls
homer.txt  lisa.txt  maggie.txt  marge.txt
student_05 ~/WDI-xfiles-scully/u1/d02/homework/springfield on master[!?]
$ mv homer.txt ../power-plant/
'homer.txt' -> '../power-plant/homer.txt'
student_05 ~/WDI-xfiles-scully/u1/d02/homework/springfield on master[!?]
$ ls
lisa.txt  maggie.txt  marge.txt
student_05 ~/WDI-xfiles-scully/u1/d02/homework/springfield on master[!?]
$ cd ..
student_05 ~/WDI-xfiles-scully/u1/d02/homework on master[!?]
$ mkdir market
gmkdir: created directory 'market'
student_05 ~/WDI-xfiles-scully/u1/d02/homework on master[!?]
$ cd springfield/
student_05 ~/WDI-xfiles-scully/u1/d02/homework/springfield on master[!?]
$ ls
lisa.txt  maggie.txt  marge.txt
student_05 ~/WDI-xfiles-scully/u1/d02/homework/springfield on master[!?]
$ mv marge.txt ../market/
'marge.txt' -> '../market/marge.txt'
student_05 ~/WDI-xfiles-scully/u1/d02/homework/springfield on master[!?]
$ cd ..
student_05 ~/WDI-xfiles-scully/u1/d02/homework on master[!?]
$ cd school/
student_05 ~/WDI-xfiles-scully/u1/d02/homework/school on master[!?]
$ ls
bart.txt
student_05 ~/WDI-xfiles-scully/u1/d02/homework/school on master[!?]
$ mkdir band-room
gmkdir: created directory 'band-room'
student_05 ~/WDI-xfiles-scully/u1/d02/homework/school on master[!?]
$ ls
band-room/  bart.txt
student_05 ~/WDI-xfiles-scully/u1/d02/homework/school on master[!?]
$ cd ..
student_05 ~/WDI-xfiles-scully/u1/d02/homework on master[!?]
$ cd springfield/
student_05 ~/WDI-xfiles-scully/u1/d02/homework/springfield on master[!?]
$ ls
lisa.txt  maggie.txt
student_05 ~/WDI-xfiles-scully/u1/d02/homework/springfield on master[!?]
$ mv maggie.txt ../school/
'maggie.txt' -> '../school/maggie.txt'
student_05 ~/WDI-xfiles-scully/u1/d02/homework/springfield on master[!?]
$ ls
lisa.txt
student_05 ~/WDI-xfiles-scully/u1/d02/homework/springfield on master[!?]
$ cd ..
student_05 ~/WDI-xfiles-scully/u1/d02/homework on master[!?]
$ cd school/
student_05 ~/WDI-xfiles-scully/u1/d02/homework/school on master[!?]
$ ls
band-room/  bart.txt  maggie.txt
student_05 ~/WDI-xfiles-scully/u1/d02/homework/school on master[!?]
$ maggie.txt ../springfield/
-bash: maggie.txt: command not found
student_05 ~/WDI-xfiles-scully/u1/d02/homework/school on master[!?]
$ mv maggie.txt ../springfield/
'maggie.txt' -> '../springfield/maggie.txt'
student_05 ~/WDI-xfiles-scully/u1/d02/homework/school on master[!?]
$ cd ..
student_05 ~/WDI-xfiles-scully/u1/d02/homework on master[!?]
$ cd springfield/
student_05 ~/WDI-xfiles-scully/u1/d02/homework/springfield on master[!?]
$ ls
lisa.txt  maggie.txt
student_05 ~/WDI-xfiles-scully/u1/d02/homework/springfield on master[!?]
$ mv lisa.txt ../school/
'lisa.txt' -> '../school/lisa.txt'
student_05 ~/WDI-xfiles-scully/u1/d02/homework/springfield on master[!?]
$ cd ..
student_05 ~/WDI-xfiles-scully/u1/d02/homework on master[!?]
$ cd school/
student_05 ~/WDI-xfiles-scully/u1/d02/homework/school on master[!?]
$ ls
band-room/  bart.txt  lisa.txt
student_05 ~/WDI-xfiles-scully/u1/d02/homework/school on master[!?]
$ mv lisa.txt band-room/
'lisa.txt' -> 'band-room/lisa.txt'
student_05 ~/WDI-xfiles-scully/u1/d02/homework/school on master[!?]
$ ls
band-room/  bart.txt
student_05 ~/WDI-xfiles-scully/u1/d02/homework/school on master[!?]
$ cd band-room/
student_05 ~/WDI-xfiles-scully/u1/d02/homework/school/band-room on master[!?]
$ ls
lisa.txt
student_05 ~/WDI-xfiles-scully/u1/d02/homework/school/band-room on master[!?]
$ cd ..
student_05 ~/WDI-xfiles-scully/u1/d02/homework/school on master[!?]
$ cd ..
student_05 ~/WDI-xfiles-scully/u1/d02/homework on master[!?]
$ cd springfield/
student_05 ~/WDI-xfiles-scully/u1/d02/homework/springfield on master[!?]
$ mkdir pinkcar
gmkdir: created directory 'pinkcar'
student_05 ~/WDI-xfiles-scully/u1/d02/homework/springfield on master[!?]
$ mkdir redcar
gmkdir: created directory 'redcar'
student_05 ~/WDI-xfiles-scully/u1/d02/homework/springfield on master[!?]
$ mkdir skateboard
gmkdir: created directory 'skateboard'
student_05 ~/WDI-xfiles-scully/u1/d02/homework/springfield on master[!?]
$ ls
maggie.txt  pinkcar/  redcar/  skateboard/
student_05 ~/WDI-xfiles-scully/u1/d02/homework/springfield on master[!?]
$ cd ..
student_05 ~/WDI-xfiles-scully/u1/d02/homework on master[!?]
$ cd school
student_05 ~/WDI-xfiles-scully/u1/d02/homework/school on master[!?]
$ ls
band-room/  bart.txt
student_05 ~/WDI-xfiles-scully/u1/d02/homework/school on master[!?]
$ cd band-room/
student_05 ~/WDI-xfiles-scully/u1/d02/homework/school/band-room on master[!?]
$ ls
lisa.txt
student_05 ~/WDI-xfiles-scully/u1/d02/homework/school/band-room on master[!?]
$ cd ..
student_05 ~/WDI-xfiles-scully/u1/d02/homework/school on master[!?]
$ ls
band-room/  bart.txt
student_05 ~/WDI-xfiles-scully/u1/d02/homework/school on master[!?]
$ mv bart.txt ../springfield/
'bart.txt' -> '../springfield/bart.txt'
student_05 ~/WDI-xfiles-scully/u1/d02/homework/school on master[!?]
$ cd ..
student_05 ~/WDI-xfiles-scully/u1/d02/homework on master[!?]
$ cd springfield/
student_05 ~/WDI-xfiles-scully/u1/d02/homework/springfield on master[!?]
$ ls
bart.txt  maggie.txt  pinkcar/	redcar/  skateboard/
student_05 ~/WDI-xfiles-scully/u1/d02/homework/springfield on master[!?]
$ mv bart.txt skateboard/
'bart.txt' -> 'skateboard/bart.txt'
student_05 ~/WDI-xfiles-scully/u1/d02/homework/springfield on master[!?]
$ ls
maggie.txt  pinkcar/  redcar/  skateboard/
student_05 ~/WDI-xfiles-scully/u1/d02/homework/springfield on master[!?]
$ cd ..
student_05 ~/WDI-xfiles-scully/u1/d02/homework on master[!?]
$ cd power-plant/
student_05 ~/WDI-xfiles-scully/u1/d02/homework/power-plant on master[!?]
$ ls
homer.txt
student_05 ~/WDI-xfiles-scully/u1/d02/homework/power-plant on master[!?]
$ mv homer.txt ../springfield/
'homer.txt' -> '../springfield/homer.txt'
student_05 ~/WDI-xfiles-scully/u1/d02/homework/power-plant on master[!]
$ ls
student_05 ~/WDI-xfiles-scully/u1/d02/homework/power-plant on master[!]
$ cd ..
student_05 ~/WDI-xfiles-scully/u1/d02/homework on master[!?]
$ cd springfield/
student_05 ~/WDI-xfiles-scully/u1/d02/homework/springfield on master[!?]
$ ls
homer.txt  maggie.txt  pinkcar/  redcar/  skateboard/
student_05 ~/WDI-xfiles-scully/u1/d02/homework/springfield on master[!?]
$ mv homer.txt pinkcar/
'homer.txt' -> 'pinkcar/homer.txt'
student_05 ~/WDI-xfiles-scully/u1/d02/homework/springfield on master[!?]
$ mv maggie.txt redcar/
'maggie.txt' -> 'redcar/maggie.txt'
student_05 ~/WDI-xfiles-scully/u1/d02/homework/springfield on master[!?]
$ ls
pinkcar/  redcar/  skateboard/
student_05 ~/WDI-xfiles-scully/u1/d02/homework/springfield on master[!?]
$ cd ..
student_05 ~/WDI-xfiles-scully/u1/d02/homework on master[!?]
$ cd market/
student_05 ~/WDI-xfiles-scully/u1/d02/homework/market on master[!?]
$ ls
marge.txt
student_05 ~/WDI-xfiles-scully/u1/d02/homework/market on master[!?]
$ mv marge.txt ../springfield/
'marge.txt' -> '../springfield/marge.txt'
student_05 ~/WDI-xfiles-scully/u1/d02/homework/market on master[!]
$ cd ..
student_05 ~/WDI-xfiles-scully/u1/d02/homework on master[!?]
$ cd springfield/
student_05 ~/WDI-xfiles-scully/u1/d02/homework/springfield on master[!?]
$ ls
marge.txt  pinkcar/  redcar/  skateboard/
student_05 ~/WDI-xfiles-scully/u1/d02/homework/springfield on master[!?]
$ mv marge.txt redcar/
'marge.txt' -> 'redcar/marge.txt'
student_05 ~/WDI-xfiles-scully/u1/d02/homework/springfield on master[!?]
$ ls
pinkcar/  redcar/  skateboard/
student_05 ~/WDI-xfiles-scully/u1/d02/homework/springfield on master[!?]
$ ls
pinkcar/  redcar/  skateboard/
student_05 ~/WDI-xfiles-scully/u1/d02/homework/springfield on master[!?]
$ mkdir home 
gmkdir: created directory 'home'
student_05 ~/WDI-xfiles-scully/u1/d02/homework/springfield on master[!?]
$ ls
home/  pinkcar/  redcar/  skateboard/
student_05 ~/WDI-xfiles-scully/u1/d02/homework/springfield on master[!?]
$ cd home/
student_05 ~/WDI-xfiles-scully/u1/d02/homework/springfield/home on master[!]
$ mkdir couch
gmkdir: created directory 'couch'
student_05 ~/WDI-xfiles-scully/u1/d02/homework/springfield/home on master[!]
$ ls
couch/
student_05 ~/WDI-xfiles-scully/u1/d02/homework/springfield/home on master[!]
$ cd ..
student_05 ~/WDI-xfiles-scully/u1/d02/homework/springfield on master[!?]
$ ls
home/  pinkcar/  redcar/  skateboard/
student_05 ~/WDI-xfiles-scully/u1/d02/homework/springfield on master[!?]
$ cd pinkcar/
student_05 ~/WDI-xfiles-scully/u1/d02/homework/springfield/pinkcar on master[!?]
$ ls
homer.txt
student_05 ~/WDI-xfiles-scully/u1/d02/homework/springfield/pinkcar on master[!?]
$ mv homer.txt ../springfield/
'homer.txt' -> '../springfield/'
gmv: cannot move 'homer.txt' to '../springfield/': No such file or directory
student_05 ~/WDI-xfiles-scully/u1/d02/homework/springfield/pinkcar on master[!?]
$ mv homer.txt ..
'homer.txt' -> '../homer.txt'
student_05 ~/WDI-xfiles-scully/u1/d02/homework/springfield/pinkcar on master[!]
$ ls
student_05 ~/WDI-xfiles-scully/u1/d02/homework/springfield/pinkcar on master[!]
$ cd ..
student_05 ~/WDI-xfiles-scully/u1/d02/homework/springfield on master[!?]
$ ls
home/  homer.txt  pinkcar/  redcar/  skateboard/
student_05 ~/WDI-xfiles-scully/u1/d02/homework/springfield on master[!?]
$ mv homer.txt home/
'homer.txt' -> 'home/homer.txt'
student_05 ~/WDI-xfiles-scully/u1/d02/homework/springfield on master[!?]
$ ls
home/  pinkcar/  redcar/  skateboard/
student_05 ~/WDI-xfiles-scully/u1/d02/homework/springfield on master[!?]
$ cd home/
student_05 ~/WDI-xfiles-scully/u1/d02/homework/springfield/home on master[!?]
$ ls
couch/	homer.txt
student_05 ~/WDI-xfiles-scully/u1/d02/homework/springfield/home on master[!?]
$ mv homer.txt couch/
'homer.txt' -> 'couch/homer.txt'
student_05 ~/WDI-xfiles-scully/u1/d02/homework/springfield/home on master[!?]
$ cd ..
student_05 ~/WDI-xfiles-scully/u1/d02/homework/springfield on master[!?]
$ ls
home/  pinkcar/  redcar/  skateboard/
student_05 ~/WDI-xfiles-scully/u1/d02/homework/springfield on master[!?]
$ cd redcar/
student_05 ~/WDI-xfiles-scully/u1/d02/homework/springfield/redcar on master[!?]
$ ls
maggie.txt  marge.txt
student_05 ~/WDI-xfiles-scully/u1/d02/homework/springfield/redcar on master[!?]
$ mv maggie.txt ..
'maggie.txt' -> '../maggie.txt'
student_05 ~/WDI-xfiles-scully/u1/d02/homework/springfield/redcar on master[!?]
$ mv marge.txt ..
'marge.txt' -> '../marge.txt'
student_05 ~/WDI-xfiles-scully/u1/d02/homework/springfield/redcar on master[!]
$ ls
student_05 ~/WDI-xfiles-scully/u1/d02/homework/springfield/redcar on master[!]
$ cd ..
student_05 ~/WDI-xfiles-scully/u1/d02/homework/springfield on master[!?]
$ ls
home/  maggie.txt  marge.txt  pinkcar/	redcar/  skateboard/
student_05 ~/WDI-xfiles-scully/u1/d02/homework/springfield on master[!?]
$ mv maggie.txt 
gmv: missing destination file operand after 'maggie.txt'
Try 'gmv --help' for more information.
student_05 ~/WDI-xfiles-scully/u1/d02/homework/springfield on master[!?]
$ mv maggie.txt home/
'maggie.txt' -> 'home/maggie.txt'
student_05 ~/WDI-xfiles-scully/u1/d02/homework/springfield on master[!?]
$ mv marge.txt home/
'marge.txt' -> 'home/marge.txt'
student_05 ~/WDI-xfiles-scully/u1/d02/homework/springfield on master[!?]
$ cd home/
student_05 ~/WDI-xfiles-scully/u1/d02/homework/springfield/home on master[!?]
$ ls
couch/	maggie.txt  marge.txt
student_05 ~/WDI-xfiles-scully/u1/d02/homework/springfield/home on master[!?]
$ mv maggie.txt couch/
'maggie.txt' -> 'couch/maggie.txt'
student_05 ~/WDI-xfiles-scully/u1/d02/homework/springfield/home on master[!?]
$ mv marge.txt couch/
'marge.txt' -> 'couch/marge.txt'
student_05 ~/WDI-xfiles-scully/u1/d02/homework/springfield/home on master[!?]
$ ls
couch/
student_05 ~/WDI-xfiles-scully/u1/d02/homework/springfield/home on master[!?]
$ cd couch/
student_05 ~/WDI-xfiles-scully/u1/d02/homework/springfield/home/couch on master[!?]
$ ls
homer.txt  maggie.txt  marge.txt
student_05 ~/WDI-xfiles-scully/u1/d02/homework/springfield/home/couch on master[!?]
$ cd ..
student_05 ~/WDI-xfiles-scully/u1/d02/homework/springfield/home on master[!?]
$ cd ..
student_05 ~/WDI-xfiles-scully/u1/d02/homework/springfield on master[!?]
$ ls
home/  pinkcar/  redcar/  skateboard/
student_05 ~/WDI-xfiles-scully/u1/d02/homework/springfield on master[!?]
$ cd ..
student_05 ~/WDI-xfiles-scully/u1/d02/homework on master[!?]
$ cd school/
student_05 ~/WDI-xfiles-scully/u1/d02/homework/school on master[!?]
$ s
-bash: s: command not found
student_05 ~/WDI-xfiles-scully/u1/d02/homework/school on master[!?]
$ ls
band-room/
student_05 ~/WDI-xfiles-scully/u1/d02/homework/school on master[!?]
$ cd band-room/
student_05 ~/WDI-xfiles-scully/u1/d02/homework/school/band-room on master[!?]
$ ls
lisa.txt
student_05 ~/WDI-xfiles-scully/u1/d02/homework/school/band-room on master[!?]
$ mv lisa.txt ..
'lisa.txt' -> '../lisa.txt'
student_05 ~/WDI-xfiles-scully/u1/d02/homework/school/band-room on master[!]
$ cd ..
student_05 ~/WDI-xfiles-scully/u1/d02/homework/school on master[!?]
$ ls
band-room/  lisa.txt
student_05 ~/WDI-xfiles-scully/u1/d02/homework/school on master[!?]
$ mv lisa.txt ..
'lisa.txt' -> '../lisa.txt'
student_05 ~/WDI-xfiles-scully/u1/d02/homework/school on master[!]
$ ls
band-room/
student_05 ~/WDI-xfiles-scully/u1/d02/homework/school on master[!]
$ cd ..
student_05 ~/WDI-xfiles-scully/u1/d02/homework on master[!?]
$ ls
lisa.txt  market/  power-plant/  readme.md  school/  simpsons.gif  springfield/
student_05 ~/WDI-xfiles-scully/u1/d02/homework on master[!?]
$ mv lisa.txt springfield/
'lisa.txt' -> 'springfield/lisa.txt'
student_05 ~/WDI-xfiles-scully/u1/d02/homework on master[!?]
$ cd springfield/
student_05 ~/WDI-xfiles-scully/u1/d02/homework/springfield on master[!?]
$ ls
home/  lisa.txt  pinkcar/  redcar/  skateboard/
student_05 ~/WDI-xfiles-scully/u1/d02/homework/springfield on master[!?]
$ mv lisa.txt home/
'lisa.txt' -> 'home/lisa.txt'
student_05 ~/WDI-xfiles-scully/u1/d02/homework/springfield on master[!?]
$ cd home/
student_05 ~/WDI-xfiles-scully/u1/d02/homework/springfield/home on master[!?]
$ ls
couch/	lisa.txt
student_05 ~/WDI-xfiles-scully/u1/d02/homework/springfield/home on master[!?]
$ mv lisa.txt couch/
'lisa.txt' -> 'couch/lisa.txt'
student_05 ~/WDI-xfiles-scully/u1/d02/homework/springfield/home on master[!?]
$ ls
couch/
student_05 ~/WDI-xfiles-scully/u1/d02/homework/springfield/home on master[!?]
$ cd ..
student_05 ~/WDI-xfiles-scully/u1/d02/homework/springfield on master[!?]
$ cd home/
student_05 ~/WDI-xfiles-scully/u1/d02/homework/springfield/home on master[!?]
$ cd couch/
student_05 ~/WDI-xfiles-scully/u1/d02/homework/springfield/home/couch on master[!?]
$ ls
homer.txt  lisa.txt  maggie.txt  marge.txt
student_05 ~/WDI-xfiles-scully/u1/d02/homework/springfield/home/couch on master[!?]
$ cd ..
student_05 ~/WDI-xfiles-scully/u1/d02/homework/springfield/home on master[!?]
$ cd ..
student_05 ~/WDI-xfiles-scully/u1/d02/homework/springfield on master[!?]
$ ls
home/  pinkcar/  redcar/  skateboard/
student_05 ~/WDI-xfiles-scully/u1/d02/homework/springfield on master[!?]
$ cd ..
student_05 ~/WDI-xfiles-scully/u1/d02/homework on master[!?]
$ ls
market/  power-plant/  readme.md  school/  simpsons.gif  springfield/
student_05 ~/WDI-xfiles-scully/u1/d02/homework on master[!?]
$ cd power-plant/
student_05 ~/WDI-xfiles-scully/u1/d02/homework/power-plant on master[!]
$ ls
student_05 ~/WDI-xfiles-scully/u1/d02/homework/power-plant on master[!]
$ cd ..
student_05 ~/WDI-xfiles-scully/u1/d02/homework on master[!?]
$ cd school/
student_05 ~/WDI-xfiles-scully/u1/d02/homework/school on master[!]
$ ls
band-room/
student_05 ~/WDI-xfiles-scully/u1/d02/homework/school on master[!]
$ cd ..
student_05 ~/WDI-xfiles-scully/u1/d02/homework on master[!?]
$ springfield/
-bash: springfield/: is a directory
student_05 ~/WDI-xfiles-scully/u1/d02/homework on master[!?]
$ cd springfield/
student_05 ~/WDI-xfiles-scully/u1/d02/homework/springfield on master[!?]
$ ls
home/  pinkcar/  redcar/  skateboard/
student_05 ~/WDI-xfiles-scully/u1/d02/homework/springfield on master[!?]
$ cd red
-bash: cd: red: No such file or directory
student_05 ~/WDI-xfiles-scully/u1/d02/homework/springfield on master[!?]
$ cd redcar/
student_05 ~/WDI-xfiles-scully/u1/d02/homework/springfield/redcar on master[!]
$ ls
student_05 ~/WDI-xfiles-scully/u1/d02/homework/springfield/redcar on master[!]
$ cd ..
student_05 ~/WDI-xfiles-scully/u1/d02/homework/springfield on master[!?]
$ cd pinkcar/
student_05 ~/WDI-xfiles-scully/u1/d02/homework/springfield/pinkcar on master[!]
$ ls
student_05 ~/WDI-xfiles-scully/u1/d02/homework/springfield/pinkcar on master[!]
$ cd ..
student_05 ~/WDI-xfiles-scully/u1/d02/homework/springfield on master[!?]
$ ls
home/  pinkcar/  redcar/  skateboard/
student_05 ~/WDI-xfiles-scully/u1/d02/homework/springfield on master[!?]
$ cd skateboard/
student_05 ~/WDI-xfiles-scully/u1/d02/homework/springfield/skateboard on master[!?]
$ ls
bart.txt
student_05 ~/WDI-xfiles-scully/u1/d02/homework/springfield/skateboard on master[!?]
$ mv bart.txt ..
'bart.txt' -> '../bart.txt'
student_05 ~/WDI-xfiles-scully/u1/d02/homework/springfield/skateboard on master[!]
$ cd ..
student_05 ~/WDI-xfiles-scully/u1/d02/homework/springfield on master[!?]
$ ls
bart.txt  home/  pinkcar/  redcar/  skateboard/
student_05 ~/WDI-xfiles-scully/u1/d02/homework/springfield on master[!?]
$ mv bart.txt home/
'bart.txt' -> 'home/bart.txt'
student_05 ~/WDI-xfiles-scully/u1/d02/homework/springfield on master[!?]
$ cd home/
student_05 ~/WDI-xfiles-scully/u1/d02/homework/springfield/home on master[!?]
$ ls
bart.txt  couch/
student_05 ~/WDI-xfiles-scully/u1/d02/homework/springfield/home on master[!?]
$ mv bart.txt couch/
'bart.txt' -> 'couch/bart.txt'
student_05 ~/WDI-xfiles-scully/u1/d02/homework/springfield/home on master[!?]
$ cd couch/
student_05 ~/WDI-xfiles-scully/u1/d02/homework/springfield/home/couch on master[!?]
$ ls
bart.txt  homer.txt  lisa.txt  maggie.txt  marge.txt
student_05 ~/WDI-xfiles-scully/u1/d02/homework/springfield/home/couch on master[!?]
$ 
